2025/09/07 23:25:24 Database migrations applied successfully
2025/09/07 23:25:24 Database initialized successfully with migrations
2025/09/07 23:25:24 Using existing database (use -mock flag to load mock data)
2025/09/07 23:25:24 Starting server on :8080
2025/09/07 23:25:24 Server starting on :8080
2025/09/07 23:25:34 GET /api/conversations 3.922209ms
2025/09/07 23:26:14 GET /api/posts 4.573041ms
2025/09/07 23:26:21 GET /api/feed 1.346709ms
2025/09/07 23:26:28 GET /api/conversations 331.625µs
2025/09/07 23:31:02 POST /api/login 108.078417ms
2025/09/07 23:31:02 GET /api/ws 2.024875ms
2025/09/07 23:31:02 Client 1 connected
2025/09/07 23:31:02 Unknown message type: user_status
2025/09/07 23:31:04 GetNotifications - entry user=1 remote=[::1]:56501 query=limit=20&offset=0
2025/09/07 23:31:04 GET /api/conversations 2.540333ms
2025/09/07 23:31:04 GET /api/feed 7.095958ms
2025/09/07 23:31:04 GET /api/notifications 10.292583ms
2025/09/07 23:31:04 GET /api/users 2.492125ms
2025/09/07 23:31:04 GET /api/posts 15.663834ms
2025/09/07 23:31:04 GET /api/conversations 679.667µs
2025/09/07 23:31:04 GET /api/groups 21.058833ms
2025/09/07 23:31:04 GET /api/events 14.958334ms
2025/09/07 23:31:04 GetNotifications - entry user=1 remote=[::1]:56504 query=limit=20&offset=0
2025/09/07 23:31:04 GET /api/posts 3.904583ms
2025/09/07 23:31:04 GET /api/notifications 4.301042ms
2025/09/07 23:31:04 GET /api/users 4.648042ms
2025/09/07 23:31:04 GetNotifications - entry user=1 remote=[::1]:56504 query=limit=20&offset=0
2025/09/07 23:31:04 GET /api/events 2.521292ms
2025/09/07 23:31:04 GET /api/feed 12.844541ms
2025/09/07 23:31:04 GET /api/notifications 3.039458ms
2025/09/07 23:31:04 GET /api/groups 9.020209ms
2025/09/07 23:31:04 GetNotifications - entry user=1 remote=[::1]:56505 query=limit=20&offset=0
2025/09/07 23:31:04 GET /api/posts 34.951875ms
2025/09/07 23:31:04 GET /api/notifications 35.574ms
2025/09/07 23:31:04 GET /api/posts 1.718625ms
2025/09/07 23:31:04 GET /api/events 39.45125ms
2025/09/07 23:31:04 GET /api/groups 40.46975ms
2025/09/07 23:31:04 GET /api/events 1.705458ms
2025/09/07 23:31:04 GET /api/groups 1.83475ms
2025/09/07 23:31:10 GET /api/conversations 314.458µs
2025/09/07 23:31:10 GET /api/groups 1.2445ms
2025/09/07 23:31:20 GET /api/events 2.416667ms
2025/09/07 23:31:21 GET /api/posts 3.223333ms
2025/09/07 23:31:21 GET /api/posts 1.92725ms
2025/09/07 23:31:23 GET /api/posts/4 1.428916ms
2025/09/07 23:31:23 GET /api/posts/4 1.127042ms
2025/09/07 23:31:24 User 1 bookmarked post 4
2025/09/07 23:31:24 Post 4 bookmarked successfully by user 1
2025/09/07 23:31:24 POST /api/bookmarks/4 1.785833ms
2025/09/07 23:31:25 User 1 unbookmarked post 4
2025/09/07 23:31:25 Post 4 unbookmarked successfully by user 1
2025/09/07 23:31:25 DELETE /api/bookmarks/4 788.416µs
2025/09/07 23:31:31 Broadcast channel full, dropping message
2025/09/07 23:31:31 Comment created via WebSocket: postID=4, userID=1, commentID=32
2025/09/07 23:31:34 Client 1 disconnected
2025/09/07 23:31:34 GetMe handler invoked
2025/09/07 23:31:34 GetMe: userID from context: 1
2025/09/07 23:31:34 GET /api/me 600.5µs
2025/09/07 23:31:34 GET /api/ws 337.5µs
2025/09/07 23:31:34 Client 1 connected
2025/09/07 23:31:34 GET /api/posts/4 739.208µs
2025/09/07 23:31:34 GET /api/posts/4 1.117583ms
2025/09/07 23:31:34 Unknown message type: user_status
2025/09/07 23:31:37 GetNotifications - entry user=1 remote=[::1]:56476 query=limit=20&offset=0
2025/09/07 23:31:37 GET /api/notifications 7.615125ms
2025/09/07 23:31:37 GET /api/feed 2.700792ms
2025/09/07 23:31:37 GET /api/conversations 2.599084ms
2025/09/07 23:31:37 GetNotifications - entry user=1 remote=[::1]:56476 query=limit=20&offset=0
2025/09/07 23:31:37 GET /api/notifications 729.875µs
2025/09/07 23:31:37 GET /api/conversations 286.417µs
2025/09/07 23:31:37 GET /api/users 4.53925ms
2025/09/07 23:31:37 GET /api/groups 19.019875ms
2025/09/07 23:31:37 GET /api/events 12.709041ms
2025/09/07 23:31:37 GET /api/users 687.417µs
2025/09/07 23:31:37 GetNotifications - entry user=1 remote=[::1]:56476 query=limit=20&offset=0
2025/09/07 23:31:37 GET /api/posts 17.209667ms
2025/09/07 23:31:37 GET /api/notifications 6.803625ms
2025/09/07 23:31:37 GET /api/feed 10.94875ms
2025/09/07 23:31:37 GetNotifications - entry user=1 remote=[::1]:56504 query=limit=20&offset=0
2025/09/07 23:31:37 GET /api/notifications 1.144667ms
2025/09/07 23:31:37 GET /api/groups 5.33325ms
2025/09/07 23:31:37 GET /api/events 4.279083ms
2025/09/07 23:31:37 GET /api/posts 5.057416ms
2025/09/07 23:31:37 GET /api/events 915.167µs
2025/09/07 23:31:37 GET /api/groups 2.248084ms
2025/09/07 23:31:37 GET /api/posts 1.716375ms
2025/09/07 23:31:37 GET /api/events 1.661083ms
2025/09/07 23:31:37 GET /api/posts 1.963625ms
2025/09/07 23:31:37 GET /api/groups 3.67175ms
2025/09/07 23:31:39 GET /api/conversations 601.958µs
2025/09/07 23:31:39 GET /api/groups 929.125µs
2025/09/07 23:31:40 GET /api/posts 1.950708ms
2025/09/07 23:31:40 GET /api/posts 1.799292ms
2025/09/07 23:31:40 GET /api/conversations 458.041µs
2025/09/07 23:31:40 GET /api/groups 877.667µs
2025/09/07 23:31:41 GET /api/posts 1.265834ms
2025/09/07 23:31:41 GET /api/posts 1.929917ms
2025/09/07 23:31:47 POST /api/logout 897.542µs
2025/09/07 23:31:47 Websocket error: websocket: close 1000 (normal): Manual disconnect
2025/09/07 23:31:47 Client 1 disconnected
2025/09/07 23:32:22 Received registration request - Avatar length: 15
2025/09/07 23:32:22 Avatar starts with: /avatars/M2.png
2025/09/07 23:32:22 Creating user with avatar: 0xc0001683f0
2025/09/07 23:32:22 Avatar length: 15
2025/09/07 23:32:22 Avatar starts with: /avatars/M2.png
2025/09/07 23:32:22 POST /api/register 89.238667ms
2025/09/07 23:32:22 GET /api/ws 540.5µs
2025/09/07 23:32:22 Client 16 connected
2025/09/07 23:32:22 Unknown message type: user_status
2025/09/07 23:32:22 GetNotifications - entry user=16 remote=[::1]:56503 query=limit=20&offset=0
2025/09/07 23:32:22 GET /api/notifications 2.6025ms
2025/09/07 23:32:22 GET /api/posts 2.965166ms
2025/09/07 23:32:22 GET /api/events 3.613833ms
2025/09/07 23:32:22 GET /api/groups 4.585875ms
2025/09/07 23:32:22 GET /api/users 302.334µs
2025/09/07 23:32:22 GET /api/conversations 3.242708ms
2025/09/07 23:32:22 GetNotifications - entry user=16 remote=[::1]:56502 query=limit=20&offset=0
2025/09/07 23:32:22 GET /api/notifications 534.042µs
2025/09/07 23:32:22 GET /api/feed 7.511333ms
2025/09/07 23:32:22 GET /api/conversations 986.375µs
2025/09/07 23:32:22 GET /api/posts 4.026708ms
2025/09/07 23:32:22 GetNotifications - entry user=16 remote=[::1]:56476 query=limit=20&offset=0
2025/09/07 23:32:22 GET /api/users 494.875µs
2025/09/07 23:32:22 GET /api/events 1.633875ms
2025/09/07 23:32:22 GET /api/notifications 1.670791ms
2025/09/07 23:32:22 GET /api/events 820.083µs
2025/09/07 23:32:22 GET /api/feed 2.953667ms
2025/09/07 23:32:22 GET /api/posts 2.981084ms
2025/09/07 23:32:22 GetNotifications - entry user=16 remote=[::1]:56476 query=limit=20&offset=0
2025/09/07 23:32:22 GET /api/events 725.208µs
2025/09/07 23:32:22 GET /api/groups 5.353083ms
2025/09/07 23:32:22 GET /api/notifications 3.047125ms
2025/09/07 23:32:22 GET /api/posts 1.420708ms
2025/09/07 23:32:22 GET /api/groups 1.361625ms
2025/09/07 23:32:22 GET /api/groups 233.834µs
2025/09/07 23:32:30 GET /api/posts 1.671709ms
2025/09/07 23:32:30 GET /api/users/16/followers 1.787417ms
2025/09/07 23:32:30 GET /api/users/16/following 1.737333ms
2025/09/07 23:32:30 GET /api/users/16/followers 280µs
2025/09/07 23:32:30 GET /api/posts 2.744917ms
2025/09/07 23:32:30 GET /api/users/16/following 1.68375ms
2025/09/07 23:32:44 GET /api/posts 2.882792ms
2025/09/07 23:32:44 GET /api/posts 1.527375ms
2025/09/07 23:32:46 GET /api/conversations 560.542µs
2025/09/07 23:32:46 GET /api/groups 941.375µs
2025/09/07 23:32:48 GET /api/posts 912.916µs
2025/09/07 23:32:48 GET /api/posts 987.083µs
2025/09/07 23:32:49 GET /api/users/16/following 195.458µs
2025/09/07 23:32:49 GET /api/users/16/followers 438.458µs
2025/09/07 23:32:49 GET /api/users/16/following 251.291µs
2025/09/07 23:32:49 GET /api/users/16/followers 387.833µs
2025/09/07 23:32:49 GET /api/posts 5.364458ms
2025/09/07 23:32:49 GET /api/posts 1.940125ms
2025/09/07 23:32:52 GET /api/users/16/followers 336.25µs
2025/09/07 23:32:52 GET /api/users/16/followers 218.333µs
2025/09/07 23:32:52 GET /api/posts 1.896833ms
2025/09/07 23:32:52 GET /api/users/16/following 1.713375ms
2025/09/07 23:32:52 GET /api/users/16/following 177.25µs
2025/09/07 23:32:52 GET /api/posts 1.921541ms
2025/09/07 23:32:52 GET /health 728µs
2025/09/07 23:32:55 GET /api/posts 2.850792ms
2025/09/07 23:32:55 GET /api/posts 2.062959ms
2025/09/07 23:33:01 GET /api/users/16/followers 298.5µs
2025/09/07 23:33:01 GET /api/users/16/followers 227.458µs
2025/09/07 23:33:01 GET /api/users/16/following 1.452958ms
2025/09/07 23:33:01 GET /api/posts 2.306666ms
2025/09/07 23:33:01 GET /api/users/16/following 276.708µs
2025/09/07 23:33:01 GET /api/posts 1.806042ms
2025/09/07 23:33:22 GET /health 32.083µs
2025/09/07 23:33:52 GET /health 31.708µs
2025/09/07 23:34:22 GET /health 29.833µs
2025/09/07 23:34:52 GET /health 35.417µs
2025/09/07 23:35:22 GET /health 39.375µs
2025/09/07 23:35:52 GET /health 47.417µs
2025/09/07 23:36:23 GET /health 74.917µs
2025/09/07 23:36:53 GET /health 42.625µs
2025/09/07 23:37:28 GET /health 30.209µs
2025/09/07 23:38:28 GET /health 851.75µs
2025/09/07 23:39:05 Client 16 disconnected
2025/09/07 23:39:07 Client 16 connected
2025/09/07 23:39:07 GET /api/ws 1.240708ms
2025/09/07 23:39:07 Unknown message type: user_status
2025/09/07 23:39:44 GET /health 110.875µs
2025/09/07 23:46:24 GET /health 72.375µs
2025/09/08 00:30:39 GET /health 59.916µs
2025/09/08 00:30:51 GET /health 41.542µs
2025/09/08 00:33:54 GET /health 29.541µs
2025/09/08 00:37:21 GET /health 36.5µs
2025/09/08 00:45:30 GET /health 33.667µs
2025/09/08 00:55:09 GET /health 42.125µs
2025/09/08 01:11:10 GET /health 35.75µs
2025/09/08 01:39:56 GET /health 127.917µs
2025/09/08 01:56:22 GET /health 36.958µs
2025/09/08 02:02:16 GET /health 631.417µs
2025/09/08 02:06:57 GET /health 33.917µs
2025/09/08 02:11:40 GET /health 35.208µs
2025/09/08 02:23:15 GET /health 39.042µs
2025/09/08 02:36:34 GET /health 46.417µs
2025/09/08 02:44:16 GET /health 29.708µs
2025/09/08 02:51:58 GET /health 62.75µs
2025/09/08 02:55:02 GET /health 47.209µs
2025/09/08 02:55:12 GET /health 35.667µs
2025/09/08 03:02:52 GET /health 32.084µs
2025/09/08 03:11:22 GET /health 132.584µs
2025/09/08 03:11:35 GET /health 20.084µs
2025/09/08 03:12:12 GET /health 35.541µs
2025/09/08 03:12:30 GET /health 125.042µs
2025/09/08 03:13:00 GET /health 116.167µs
2025/09/08 03:13:35 GET /health 58µs
2025/09/08 03:14:35 GET /health 106.708µs
2025/09/08 03:15:35 GET /health 151.333µs
2025/09/08 03:16:35 GET /health 108.792µs
2025/09/08 03:17:35 GET /health 76.375µs
2025/09/08 03:18:00 GET /health 175.334µs
2025/09/08 03:18:30 GET /health 90.792µs
2025/09/08 03:19:00 GET /health 44.25µs
2025/09/08 03:19:30 GET /health 66.042µs
2025/09/08 03:20:00 GET /health 71µs
2025/09/08 03:20:30 GET /health 97.167µs
2025/09/08 03:21:00 GET /health 93.375µs
2025/09/08 03:21:30 GET /health 151.291µs
2025/09/08 03:22:00 GET /health 47.083µs
2025/09/08 03:22:30 GET /health 55.792µs
2025/09/08 03:23:00 GET /health 1.304625ms
2025/09/08 03:23:30 GET /health 67.375µs
2025/09/08 03:24:00 GET /health 41.125µs
2025/09/08 03:24:30 GET /health 43.208µs
2025/09/08 03:25:00 GET /health 47.25µs
2025/09/08 03:25:30 GET /health 95.708µs
2025/09/08 03:26:00 GET /health 58.792µs
2025/09/08 03:26:30 GET /health 46.792µs
2025/09/08 03:27:00 GET /health 60.5µs
2025/09/08 03:27:30 GET /health 67.834µs
2025/09/08 03:28:00 GET /health 177.667µs
2025/09/08 03:28:30 GET /health 43.541µs
2025/09/08 03:29:35 GET /health 154.084µs
2025/09/08 03:30:35 GET /health 89.625µs
2025/09/08 03:31:35 GET /health 63.791µs
2025/09/08 03:32:35 GET /health 54.958µs
2025/09/08 03:33:35 GET /health 124.917µs
2025/09/08 03:34:35 GET /health 85.125µs
2025/09/08 03:35:00 GET /health 167.5µs
2025/09/08 03:35:30 GET /health 127.125µs
2025/09/08 03:36:06 GET /health 67.291µs
2025/09/08 03:36:30 GET /health 102.666µs
2025/09/08 03:37:00 GET /health 92.75µs
2025/09/08 03:37:35 GET /health 80.208µs
2025/09/08 03:38:13 GET /health 53.583µs
2025/09/08 03:38:30 GET /health 88.834µs
2025/09/08 03:39:00 GET /health 103.333µs
2025/09/08 03:39:35 GET /health 86.208µs
2025/09/08 03:40:35 GET /health 82.084µs
2025/09/08 03:41:00 GET /health 122.209µs
2025/09/08 03:41:30 GET /health 86.416µs
2025/09/08 03:42:00 GET /health 65.042µs
2025/09/08 03:42:35 GET /health 68.208µs
2025/09/08 03:42:51 Client 16 disconnected
2025/09/08 03:42:51 GET /api/me 3.347958ms
2025/09/08 03:42:57 POST /api/login 96.425167ms
2025/09/08 03:42:57 GET /api/ws 1.154917ms
2025/09/08 03:42:57 Client 1 connected
2025/09/08 03:42:57 Unknown message type: user_status
2025/09/08 03:42:57 GET /api/conversations 6.811917ms
2025/09/08 03:42:57 GET /api/groups 18.53975ms
2025/09/08 03:42:57 GetNotifications - entry user=1 remote=[::1]:60868 query=limit=20&offset=0
2025/09/08 03:42:57 GET /api/notifications 23.757667ms
2025/09/08 03:42:57 GET /api/users 4.984959ms
2025/09/08 03:42:57 GET /api/posts 24.360083ms
2025/09/08 03:42:57 GetNotifications - entry user=1 remote=[::1]:60869 query=limit=20&offset=0
2025/09/08 03:42:57 GET /api/events 15.215458ms
2025/09/08 03:42:57 GET /api/notifications 770µs
2025/09/08 03:42:57 GET /api/feed 15.678542ms
2025/09/08 03:42:57 GET /api/groups 1.1595ms
2025/09/08 03:42:57 GET /api/users 782.416µs
2025/09/08 03:42:57 GET /api/posts 5.729375ms
2025/09/08 03:42:57 GetNotifications - entry user=1 remote=[::1]:60871 query=limit=20&offset=0
2025/09/08 03:42:57 GET /api/conversations 14.479125ms
2025/09/08 03:42:57 GET /api/notifications 2.299083ms
2025/09/08 03:42:57 GetNotifications - entry user=1 remote=[::1]:60863 query=limit=20&offset=0
2025/09/08 03:42:57 GET /api/notifications 975.292µs
2025/09/08 03:42:57 GET /api/groups 10.559ms
2025/09/08 03:42:57 GET /api/feed 7.206042ms
2025/09/08 03:42:57 GET /api/events 19.213417ms
2025/09/08 03:42:57 GET /api/posts 17.818125ms
2025/09/08 03:42:57 GET /api/groups 14.268042ms
2025/09/08 03:42:57 GET /api/posts 3.257959ms
2025/09/08 03:42:57 GET /api/events 1.308834ms
2025/09/08 03:42:57 GET /api/events 594.041µs
2025/09/08 03:42:59 GET /api/posts/4 733.5µs
2025/09/08 03:42:59 GET /api/posts/4 1.128292ms
2025/09/08 03:43:04 GetNotifications - entry user=1 remote=[::1]:60906 query=limit=20&offset=0
2025/09/08 03:43:04 GET /api/posts 5.329542ms
2025/09/08 03:43:04 GET /api/feed 5.171625ms
2025/09/08 03:43:04 GET /api/users 773.625µs
2025/09/08 03:43:04 GET /api/notifications 6.892125ms
2025/09/08 03:43:04 GET /api/conversations 6.288833ms
2025/09/08 03:43:04 GET /api/feed 3.218709ms
2025/09/08 03:43:04 GET /api/posts 4.340666ms
2025/09/08 03:43:04 GetNotifications - entry user=1 remote=[::1]:60909 query=limit=20&offset=0
2025/09/08 03:43:04 GET /api/groups 13.974083ms
2025/09/08 03:43:04 GET /api/conversations 346.708µs
2025/09/08 03:43:04 GET /api/users 6.04125ms
2025/09/08 03:43:04 GET /api/posts 5.103417ms
2025/09/08 03:43:04 GET /api/notifications 12.294791ms
2025/09/08 03:43:04 GET /api/groups 5.482833ms
2025/09/08 03:43:04 GET /api/events 20.314125ms
2025/09/08 03:43:04 GET /api/posts 4.408666ms
2025/09/08 03:43:04 GetNotifications - entry user=1 remote=[::1]:60905 query=limit=20&offset=0
2025/09/08 03:43:04 GET /api/groups 2.227541ms
2025/09/08 03:43:04 GET /api/events 3.123916ms
2025/09/08 03:43:04 GET /api/notifications 3.403292ms
2025/09/08 03:43:04 GET /api/groups 1.223459ms
2025/09/08 03:43:04 GetNotifications - entry user=1 remote=[::1]:60907 query=limit=20&offset=0
2025/09/08 03:43:04 GET /api/notifications 372.458µs
2025/09/08 03:43:04 GET /api/events 1.869917ms
2025/09/08 03:43:04 GET /api/events 411.666µs
2025/09/08 03:43:08 GET /api/posts 2.517333ms
2025/09/08 03:43:08 GET /api/users/1/following 2.754917ms
2025/09/08 03:43:08 GET /api/users/1/followers 3.232166ms
2025/09/08 03:43:08 GET /api/users/1/following 283.959µs
2025/09/08 03:43:08 GET /api/users/1/followers 248.5µs
2025/09/08 03:43:08 GET /api/posts 3.668667ms
2025/09/08 03:43:25 GET /api/posts/1 598.792µs
2025/09/08 03:43:25 GET /api/posts/1 287.583µs
2025/09/08 03:43:27 GET /api/feed 3.995333ms
2025/09/08 03:43:27 GetNotifications - entry user=1 remote=[::1]:61008 query=limit=20&offset=0
2025/09/08 03:43:27 GET /api/groups 6.13675ms
2025/09/08 03:43:27 GET /api/notifications 5.861458ms
2025/09/08 03:43:27 GET /api/conversations 5.557416ms
2025/09/08 03:43:27 GET /api/users 894.583µs
2025/09/08 03:43:27 GET /api/events 8.885084ms
2025/09/08 03:43:27 GET /api/posts 8.835375ms
2025/09/08 03:43:27 GET /api/users 935.167µs
2025/09/08 03:43:27 GetNotifications - entry user=1 remote=[::1]:61012 query=limit=20&offset=0
2025/09/08 03:43:27 GET /api/notifications 5.39225ms
2025/09/08 03:43:27 GET /api/conversations 5.407375ms
2025/09/08 03:43:27 GET /api/feed 6.5475ms
2025/09/08 03:43:27 GET /api/groups 6.955458ms
2025/09/08 03:43:27 GetNotifications - entry user=1 remote=[::1]:61008 query=limit=20&offset=0
2025/09/08 03:43:27 GET /api/posts 3.703167ms
2025/09/08 03:43:27 GET /api/events 3.461041ms
2025/09/08 03:43:27 GET /api/notifications 2.597334ms
2025/09/08 03:43:27 GetNotifications - entry user=1 remote=[::1]:61010 query=limit=20&offset=0
2025/09/08 03:43:27 GET /api/notifications 668.417µs
2025/09/08 03:43:27 GET /api/posts 3.069959ms
2025/09/08 03:43:27 GET /api/groups 6.279125ms
2025/09/08 03:43:27 GET /api/events 3.54825ms
2025/09/08 03:43:27 GET /api/posts 1.423583ms
2025/09/08 03:43:27 GET /api/groups 1.963208ms
2025/09/08 03:43:27 GET /api/events 1.993ms
2025/09/08 03:43:30 GetNotifications - entry user=1 remote=[::1]:61007 query=limit=20&offset=0
2025/09/08 03:43:30 GET /api/notifications 1.635041ms
2025/09/08 03:43:30 GET /api/conversations 348.208µs
2025/09/08 03:43:30 GET /api/groups 4.794ms
2025/09/08 03:43:30 GET /api/users 3.16525ms
2025/09/08 03:43:30 GET /api/feed 4.285041ms
2025/09/08 03:43:30 GET /api/conversations 337.833µs
2025/09/08 03:43:30 GET /api/posts 6.587333ms
2025/09/08 03:43:30 GET /api/events 7.432333ms
2025/09/08 03:43:30 GetNotifications - entry user=1 remote=[::1]:61009 query=limit=20&offset=0
2025/09/08 03:43:30 GET /api/notifications 6.643834ms
2025/09/08 03:43:30 GET /api/users 2.272416ms
2025/09/08 03:43:30 GET /api/feed 3.250541ms
2025/09/08 03:43:30 GetNotifications - entry user=1 remote=[::1]:61009 query=limit=20&offset=0
2025/09/08 03:43:30 GET /api/notifications 3.696125ms
2025/09/08 03:43:30 GET /api/events 6.3355ms
2025/09/08 03:43:30 GetNotifications - entry user=1 remote=[::1]:61010 query=limit=20&offset=0
2025/09/08 03:43:30 GET /api/posts 8.844334ms
2025/09/08 03:43:30 GET /api/notifications 833.125µs
2025/09/08 03:43:30 GET /api/events 1.435958ms
2025/09/08 03:43:30 GET /api/groups 12.033833ms
2025/09/08 03:43:30 GET /api/posts 3.800542ms
2025/09/08 03:43:30 GET /api/events 3.287333ms
2025/09/08 03:43:30 GET /api/groups 3.492375ms
2025/09/08 03:43:30 GET /api/posts 2.0695ms
2025/09/08 03:43:30 GET /api/groups 392.083µs
2025/09/08 03:43:34 Creating post with privacy: public for user: 1
2025/09/08 03:43:34 Post created successfully with ID: 31
2025/09/08 03:43:34 POST /api/posts 4.704709ms
2025/09/08 03:43:34 GET /api/feed 1.933458ms
2025/09/08 03:43:40 GET /api/users/1/following 737.667µs
2025/09/08 03:43:40 GET /api/users/1/followers 1.855875ms
2025/09/08 03:43:40 GET /api/users/1/following 485.417µs
2025/09/08 03:43:40 GET /api/posts 2.767584ms
2025/09/08 03:43:40 GET /api/users/1/followers 295.166µs
2025/09/08 03:43:40 GET /api/posts 3.762125ms
2025/09/08 03:44:00 GET /health 88.667µs
2025/09/08 03:44:09 GET /api/events 3.375458ms
2025/09/08 03:44:15 GET /api/posts 2.848708ms
2025/09/08 03:44:15 GET /api/posts 1.87575ms
2025/09/08 03:44:30 GET /health 67.584µs
2025/09/08 03:45:00 GET /health 62.125µs
2025/09/08 03:45:15 GET /api/conversations 795.083µs
2025/09/08 03:45:15 GET /api/groups 1.142416ms
2025/09/08 03:45:30 GET /health 72.584µs
